[48;5;18m[1;37m2026-07-16T22:55:13.886660[0m [48;5;18m[1;37m3.1 shorts: 11 shot(s) voiced, 1 silent[0m
---------------------------------------------------------------------------------------------------
[48;5;18m[1;37m2026-07-16T22:55:13.894526[0m [48;5;18m[1;37m3.2 shorts: 12 shot(s), 32.4s at 1080x1920[0m
---------------------------------------------------------------------------------------------------
[F[F[F
[K[48;5;18m[1;37m2026-07-16T22:55:17.045488[0m [48;5;18m[1;37mTTT not_started…[0m
---------------------------------------------------------------------------------------------------
[F[F[F
[K[48;5;18m[1;37m2026-07-16T22:55:20.131085[0m [48;5;18m[1;37mTTT not_started…[0m
---------------------------------------------------------------------------------------------------
[F[F[F
[K[48;5;18m[1;37m2026-07-16T22:55:23.203760[0m [48;5;18m[1;37mTTT not_started…[0m
---------------------------------------------------------------------------------------------------
[F[F[F
[K[48;5;18m[1;37m2026-07-16T22:55:26.275724[0m [48;5;18m[1;37mTTT not_started…[0m
---------------------------------------------------------------------------------------------------
[F[F[F
[K[48;5;18m[1;37m2026-07-16T22:55:29.339107[0m [48;5;18m[1;37mTTT processing…[0m
---------------------------------------------------------------------------------------------------
[F[F[F
[K[48;5;18m[1;37m2026-07-16T22:55:32.411385[0m [48;5;18m[1;37mTTT processing…[0m
---------------------------------------------------------------------------------------------------
[F[F[F
[K[48;5;18m[1;37m2026-07-16T22:55:35.517445[0m [48;5;18m[1;37mTTT processing…[0m
---------------------------------------------------------------------------------------------------
[F[F[F
[K[48;5;18m[1;37m2026-07-16T22:55:38.592768[0m [48;5;18m[1;37mTTT processing…[0m
---------------------------------------------------------------------------------------------------
[F[F[F
[K[48;5;18m[1;37m2026-07-16T22:55:41.665409[0m [48;5;18m[1;37mTTT processing…[0m
---------------------------------------------------------------------------------------------------
[F[F[F
[K[48;5;18m[1;37m2026-07-16T22:55:44.735557[0m [48;5;18m[1;37mTTT processing…[0m
---------------------------------------------------------------------------------------------------
[F[F[F
[K[48;5;18m[1;37m2026-07-16T22:55:47.809257[0m [48;5;18m[1;37mTTT processing…[0m
---------------------------------------------------------------------------------------------------
[F[F[F
[K[48;5;18m[1;37m2026-07-16T22:55:50.873220[0m [48;5;18m[1;37mTTT processing…[0m
---------------------------------------------------------------------------------------------------
[F[F[F
[K[48;5;18m[1;37m2026-07-16T22:55:53.954045[0m [48;5;18m[1;37mTTT processing…[0m
---------------------------------------------------------------------------------------------------
[F[F[F
[K[48;5;18m[1;37m2026-07-16T22:55:57.027771[0m [48;5;18m[1;37mTTT processing…[0m
---------------------------------------------------------------------------------------------------
[F[F[F
[K[48;5;18m[1;37m2026-07-16T22:56:00.102903[0m [48;5;18m[1;37mTTT processing…[0m
---------------------------------------------------------------------------------------------------
[F[F[F
[K[48;5;18m[1;37m2026-07-16T22:56:03.177249[0m [48;5;18m[1;37mTTT processing…[0m
---------------------------------------------------------------------------------------------------
[F[F[F
[K[48;5;18m[1;37m2026-07-16T22:56:06.252149[0m [48;5;18m[1;37mTTT processing…[0m
---------------------------------------------------------------------------------------------------
[F[F[F
[K[48;5;18m[1;37m2026-07-16T22:56:09.344565[0m [48;5;18m[1;37mTTT processing…[0m
---------------------------------------------------------------------------------------------------
[F[F[F
[K[48;5;18m[1;37m2026-07-16T22:56:12.463413[0m [48;5;18m[1;37mTTT processing…[0m
---------------------------------------------------------------------------------------------------
[F[F[F
[K[48;5;18m[1;37m2026-07-16T22:56:15.541104[0m [48;5;18m[1;37mTTT processing…[0m
---------------------------------------------------------------------------------------------------
[F[F[F
[K[48;5;18m[1;37m2026-07-16T22:56:18.613479[0m [48;5;18m[1;37mTTT processing…[0m
---------------------------------------------------------------------------------------------------
[F[F[F
[K[48;5;18m[1;37m2026-07-16T22:56:21.683280[0m [48;5;18m[1;37mTTT processing…[0m
---------------------------------------------------------------------------------------------------
[F[F[F
[K[48;5;18m[1;37m2026-07-16T22:56:24.754541[0m [48;5;18m[1;37mTTT processing…[0m
---------------------------------------------------------------------------------------------------
[F[F[F
[K[48;5;18m[1;37m2026-07-16T22:56:27.816072[0m [48;5;18m[1;37mTTT processing…[0m
---------------------------------------------------------------------------------------------------
[F[F[F
[K[48;5;18m[1;37m2026-07-16T22:56:30.878413[0m [48;5;18m[1;37mTTT processing…[0m
---------------------------------------------------------------------------------------------------
[F[F[F
[K[48;5;18m[1;37m2026-07-16T22:56:33.953575[0m [48;5;18m[1;37mTTT processing…[0m
---------------------------------------------------------------------------------------------------
[F[F[F
[K[48;5;18m[1;37m2026-07-16T22:56:37.029011[0m [48;5;18m[1;37mTTT processing…[0m
---------------------------------------------------------------------------------------------------
[F[F[F
[K[48;5;18m[1;37m2026-07-16T22:56:40.100616[0m [48;5;18m[1;37mTTT processing…[0m
---------------------------------------------------------------------------------------------------
[F[F[F
[K[48;5;18m[1;37m2026-07-16T22:56:43.171027[0m [48;5;18m[1;37mTTT processing…[0m
---------------------------------------------------------------------------------------------------
[F[F[F
[K[48;5;18m[1;37m2026-07-16T22:56:46.227729[0m [48;5;18m[1;37mTTT processing…[0m
---------------------------------------------------------------------------------------------------
[F[F[F
[K[48;5;18m[1;37m2026-07-16T22:56:49.297176[0m [48;5;18m[1;37mTTT processing…[0m
---------------------------------------------------------------------------------------------------
[F[F[F
[K[48;5;18m[1;37m2026-07-16T22:56:52.377055[0m [48;5;18m[1;37mTTT processing…[0m
---------------------------------------------------------------------------------------------------
[F[F[F
[K[48;5;18m[1;37m2026-07-16T22:56:55.452381[0m [48;5;18m[1;37mTTT processing…[0m
---------------------------------------------------------------------------------------------------
[F[F[F
[K[48;5;18m[1;37m2026-07-16T22:56:58.527397[0m [48;5;18m[1;37mTTT processing…[0m
---------------------------------------------------------------------------------------------------
[F[F[F
[K[48;5;18m[1;37m2026-07-16T22:57:01.615823[0m [48;5;18m[1;37mTTT processing…[0m
---------------------------------------------------------------------------------------------------
[F[F[F
[K[48;5;18m[1;37m2026-07-16T22:57:04.694565[0m [48;5;18m[1;37mTTT processing…[0m
---------------------------------------------------------------------------------------------------
[F[F[F
[K[48;5;18m[1;37m2026-07-16T22:57:07.765007[0m [48;5;18m[1;37mTTT processing…[0m
---------------------------------------------------------------------------------------------------
[F[F[F
[K[48;5;18m[1;37m2026-07-16T22:57:10.832468[0m [48;5;18m[1;37mTTT processing…[0m
---------------------------------------------------------------------------------------------------
[F[F[F
[K[48;5;18m[1;37m2026-07-16T22:57:13.903628[0m [48;5;18m[1;37mTTT processing…[0m
---------------------------------------------------------------------------------------------------
[F[F[F
[K[48;5;18m[1;37m2026-07-16T22:57:16.975462[0m [48;5;18m[1;37mTTT processing…[0m
---------------------------------------------------------------------------------------------------
[F[F[F
[K[48;5;18m[1;37m2026-07-16T22:57:20.055431[0m [48;5;18m[1;37mTTT processing…[0m
---------------------------------------------------------------------------------------------------
[48;5;18m[1;37m2026-07-16T22:57:25.945368[0m [48;5;18m[1;37m3.3 shorts: scored 17 cycles (34s) over 12 section(s)[0m
---------------------------------------------------------------------------------------------------
[48;5;18m[1;37m2026-07-16T22:57:25.946548[0m [48;5;18m[1;37mStage 3 complete: /home/jebin/git/PanelFlow/content_to_be_processed/Harley Quinn x Elvira 006 (of 006) (2026)/render/shorts/shorts.mp4[0m
---------------------------------------------------------------------------------------------------
