[48;5;18m[1;37m2026-07-17T10:42:49.370169[0m [48;5;18m[1;37m3.1 shorts: 11 shot(s) voiced, 1 silent[0m
---------------------------------------------------------------------------------------------------
[48;5;18m[1;37m2026-07-17T10:42:49.378755[0m [48;5;18m[1;37m3.2 shorts: 12 shot(s), 32.4s at 1080x1920[0m
---------------------------------------------------------------------------------------------------
[F[F[F
[K[48;5;18m[1;37m2026-07-17T10:42:52.938767[0m [48;5;18m[1;37mTTT processing…[0m
---------------------------------------------------------------------------------------------------
[F[F[F
[K[48;5;18m[1;37m2026-07-17T10:42:56.013195[0m [48;5;18m[1;37mTTT processing…[0m
---------------------------------------------------------------------------------------------------
[F[F[F
[K[48;5;18m[1;37m2026-07-17T10:42:59.087958[0m [48;5;18m[1;37mTTT processing…[0m
---------------------------------------------------------------------------------------------------
[F[F[F
[K[48;5;18m[1;37m2026-07-17T10:43:02.162551[0m [48;5;18m[1;37mTTT processing…[0m
---------------------------------------------------------------------------------------------------
[F[F[F
[K[48;5;18m[1;37m2026-07-17T10:43:05.231971[0m [48;5;18m[1;37mTTT processing…[0m
---------------------------------------------------------------------------------------------------
[F[F[F
[K[48;5;18m[1;37m2026-07-17T10:43:08.299739[0m [48;5;18m[1;37mTTT processing…[0m
---------------------------------------------------------------------------------------------------
[F[F[F
[K[48;5;18m[1;37m2026-07-17T10:43:11.370415[0m [48;5;18m[1;37mTTT processing…[0m
---------------------------------------------------------------------------------------------------
[F[F[F
[K[48;5;18m[1;37m2026-07-17T10:43:14.443914[0m [48;5;18m[1;37mTTT processing…[0m
---------------------------------------------------------------------------------------------------
[F[F[F
[K[48;5;18m[1;37m2026-07-17T10:43:17.516567[0m [48;5;18m[1;37mTTT processing…[0m
---------------------------------------------------------------------------------------------------
[F[F[F
[K[48;5;18m[1;37m2026-07-17T10:43:20.584118[0m [48;5;18m[1;37mTTT processing…[0m
---------------------------------------------------------------------------------------------------
[F[F[F
[K[48;5;18m[1;37m2026-07-17T10:43:23.657380[0m [48;5;18m[1;37mTTT processing…[0m
---------------------------------------------------------------------------------------------------
[F[F[F
[K[48;5;18m[1;37m2026-07-17T10:43:26.729545[0m [48;5;18m[1;37mTTT processing…[0m
---------------------------------------------------------------------------------------------------
[F[F[F
[K[48;5;18m[1;37m2026-07-17T10:43:29.801936[0m [48;5;18m[1;37mTTT processing…[0m
---------------------------------------------------------------------------------------------------
[F[F[F
[K[48;5;18m[1;37m2026-07-17T10:43:32.879661[0m [48;5;18m[1;37mTTT processing…[0m
---------------------------------------------------------------------------------------------------
[F[F[F
[K[48;5;18m[1;37m2026-07-17T10:43:35.959198[0m [48;5;18m[1;37mTTT processing…[0m
---------------------------------------------------------------------------------------------------
[F[F[F
[K[48;5;18m[1;37m2026-07-17T10:43:39.031389[0m [48;5;18m[1;37mTTT processing…[0m
---------------------------------------------------------------------------------------------------
[F[F[F
[K[48;5;18m[1;37m2026-07-17T10:43:42.107893[0m [48;5;18m[1;37mTTT processing…[0m
---------------------------------------------------------------------------------------------------
[F[F[F
[K[48;5;18m[1;37m2026-07-17T10:43:45.180621[0m [48;5;18m[1;37mTTT processing…[0m
---------------------------------------------------------------------------------------------------
[F[F[F
[K[48;5;18m[1;37m2026-07-17T10:43:48.253315[0m [48;5;18m[1;37mTTT processing…[0m
---------------------------------------------------------------------------------------------------
[F[F[F
[K[48;5;18m[1;37m2026-07-17T10:43:51.329706[0m [48;5;18m[1;37mTTT processing…[0m
---------------------------------------------------------------------------------------------------
[F[F[F
[K[48;5;18m[1;37m2026-07-17T10:43:54.411137[0m [48;5;18m[1;37mTTT processing…[0m
---------------------------------------------------------------------------------------------------
[F[F[F
[K[48;5;18m[1;37m2026-07-17T10:43:57.485098[0m [48;5;18m[1;37mTTT processing…[0m
---------------------------------------------------------------------------------------------------
[F[F[F
[K[48;5;18m[1;37m2026-07-17T10:44:00.557084[0m [48;5;18m[1;37mTTT processing…[0m
---------------------------------------------------------------------------------------------------
[F[F[F
[K[48;5;18m[1;37m2026-07-17T10:44:03.629065[0m [48;5;18m[1;37mTTT processing…[0m
---------------------------------------------------------------------------------------------------
[F[F[F
[K[48;5;18m[1;37m2026-07-17T10:44:06.704928[0m [48;5;18m[1;37mTTT processing…[0m
---------------------------------------------------------------------------------------------------
[F[F[F
[K[48;5;18m[1;37m2026-07-17T10:44:09.776117[0m [48;5;18m[1;37mTTT processing…[0m
---------------------------------------------------------------------------------------------------
[F[F[F
[K[48;5;18m[1;37m2026-07-17T10:44:12.846406[0m [48;5;18m[1;37mTTT processing…[0m
---------------------------------------------------------------------------------------------------
[F[F[F
[K[48;5;18m[1;37m2026-07-17T10:44:15.914114[0m [48;5;18m[1;37mTTT processing…[0m
---------------------------------------------------------------------------------------------------
[F[F[F
[K[48;5;18m[1;37m2026-07-17T10:44:18.981779[0m [48;5;18m[1;37mTTT processing…[0m
---------------------------------------------------------------------------------------------------
[F[F[F
[K[48;5;18m[1;37m2026-07-17T10:44:22.052458[0m [48;5;18m[1;37mTTT processing…[0m
---------------------------------------------------------------------------------------------------
[F[F[F
[K[48;5;18m[1;37m2026-07-17T10:44:25.131472[0m [48;5;18m[1;37mTTT processing…[0m
---------------------------------------------------------------------------------------------------
[F[F[F
[K[48;5;18m[1;37m2026-07-17T10:44:28.200328[0m [48;5;18m[1;37mTTT processing…[0m
---------------------------------------------------------------------------------------------------
[F[F[F
[K[48;5;18m[1;37m2026-07-17T10:44:31.274288[0m [48;5;18m[1;37mTTT processing…[0m
---------------------------------------------------------------------------------------------------
[F[F[F
[K[48;5;18m[1;37m2026-07-17T10:44:34.347133[0m [48;5;18m[1;37mTTT processing…[0m
---------------------------------------------------------------------------------------------------
[F[F[F
[K[48;5;18m[1;37m2026-07-17T10:44:37.415904[0m [48;5;18m[1;37mTTT processing…[0m
---------------------------------------------------------------------------------------------------
[F[F[F
[K[48;5;18m[1;37m2026-07-17T10:44:40.490283[0m [48;5;18m[1;37mTTT processing…[0m
---------------------------------------------------------------------------------------------------
[F[F[F
[K[48;5;18m[1;37m2026-07-17T10:44:43.568711[0m [48;5;18m[1;37mTTT processing…[0m
---------------------------------------------------------------------------------------------------
[48;5;203m[1;37m2026-07-17T10:44:47.096365[0m [48;5;203m[1;37m3.3 shorts: music attempt 1/2 failed: strudel-render failed: strudel-render: page.evaluate: SyntaxError: Unexpected token (1:656)
    at new uu2 (file:///home/jebin/git/PanelFlow/remotion-comic/node_modules/strudel-render/dist/bundle.js:19636:20)
    at pp$4.raise (file:///home/jebin/git/PanelFlow/remotion-comic/node_modules/strudel-render/dist/bundle.js:24392:15)
    at pp$9.unexpected (file:///home/jebin/git/PanelFlow/remotion-comic/node_modules/strudel-render/dist/bundle.js:21745:10)
    at pp$9.expect (file:///home/jebin/git/PanelFlow/remotion-comic/node_modules/strudel-render/dist/bundle.js:21742:28)
    at pp$5.parseExprList (file:///home/jebin/git/PanelFlow/remotion-comic/node_modules/strudel-render/dist/bundle.js:24264:14)
    at pp$5.parseExprAtom (file:///home/jebin/git/PanelFlow/remotion-comic/node_modules/strudel-render/dist/bundle.js:23767:30)
    at pp$5.parseExprSubscripts (file:///home/jebin/git/PanelFlow/remotion-comic/node_modules/strudel-render/dist/bundle.js:23589:21)
    at pp$5.parseMaybeUnary (file:///home/jebin/git/PanelFlow/remotion-comic/node_modules/strudel-render/dist/bundle.js:23557:19)
    at pp$5.parseExprOps (file:///home/jebin/git/PanelFlow/remotion-comic/node_modules/strudel-render/dist/bundle.js:23488:21)
    at pp$5.parseMaybeConditional (file:///home/jebin/git/PanelFlow/remotion-comic/node_modules/strudel-render/dist/bundle.js:23472:21)[0m
---------------------------------------------------------------------------------------------------
[F[F[F
[K[48;5;18m[1;37m2026-07-17T10:44:50.251273[0m [48;5;18m[1;37mTTT processing…[0m
---------------------------------------------------------------------------------------------------
[F[F[F
[K[48;5;18m[1;37m2026-07-17T10:44:53.328002[0m [48;5;18m[1;37mTTT processing…[0m
---------------------------------------------------------------------------------------------------
[F[F[F
[K[48;5;18m[1;37m2026-07-17T10:44:56.402325[0m [48;5;18m[1;37mTTT processing…[0m
---------------------------------------------------------------------------------------------------
[F[F[F
[K[48;5;18m[1;37m2026-07-17T10:44:59.474398[0m [48;5;18m[1;37mTTT processing…[0m
---------------------------------------------------------------------------------------------------
[F[F[F
[K[48;5;18m[1;37m2026-07-17T10:45:02.545686[0m [48;5;18m[1;37mTTT processing…[0m
---------------------------------------------------------------------------------------------------
[F[F[F
[K[48;5;18m[1;37m2026-07-17T10:45:05.619816[0m [48;5;18m[1;37mTTT processing…[0m
---------------------------------------------------------------------------------------------------
[F[F[F
[K[48;5;18m[1;37m2026-07-17T10:45:08.691009[0m [48;5;18m[1;37mTTT processing…[0m
---------------------------------------------------------------------------------------------------
[F[F[F
[K[48;5;18m[1;37m2026-07-17T10:45:11.792051[0m [48;5;18m[1;37mTTT processing…[0m
---------------------------------------------------------------------------------------------------
[F[F[F
[K[48;5;18m[1;37m2026-07-17T10:45:14.864081[0m [48;5;18m[1;37mTTT processing…[0m
---------------------------------------------------------------------------------------------------
[F[F[F
[K[48;5;18m[1;37m2026-07-17T10:45:17.935815[0m [48;5;18m[1;37mTTT processing…[0m
---------------------------------------------------------------------------------------------------
[F[F[F
[K[48;5;18m[1;37m2026-07-17T10:45:21.009786[0m [48;5;18m[1;37mTTT processing…[0m
---------------------------------------------------------------------------------------------------
[F[F[F
[K[48;5;18m[1;37m2026-07-17T10:45:24.081170[0m [48;5;18m[1;37mTTT processing…[0m
---------------------------------------------------------------------------------------------------
[F[F[F
[K[48;5;18m[1;37m2026-07-17T10:45:27.151147[0m [48;5;18m[1;37mTTT processing…[0m
---------------------------------------------------------------------------------------------------
[48;5;18m[1;37m2026-07-17T10:45:34.091437[0m [48;5;18m[1;37m3.3 shorts: scored 16 cycles (32s) over 2 section(s)[0m
---------------------------------------------------------------------------------------------------
[48;5;18m[1;37m2026-07-17T10:45:34.093178[0m [48;5;18m[1;37m3.3: npx remotion render ComicVideo --props /home/jebin/git/PanelFlow/content_to_be_processed/Harley Quinn x Elvira 006 (of 006) (2026)/render/shorts/manifest.json --output /home/jebin/git/PanelFlow/content_to_be_processed/Harley Quinn x Elvira 006 (of 006) (2026)/render/shorts/shorts.mp4 --codec h264[0m
---------------------------------------------------------------------------------------------------
Bundling 6%
Bundling 14%
Bundling 57%
Bundling 65%
Bundling 71%
Bundling 76%
Bundling 81%
Bundling 87%
Bundling 92%
Bundling 98%
Bundling 100%
Bundling 100%
Getting compositions
Getting compositions
Composition          ComicVideo
Codec                h264
Output               /home/jebin/git/PanelFlow/content_to_be_processed/Harley Quinn x Elvira 006 (of 006) (2026)/render/shorts/shorts.mp4
Concurrency          8x
Rendered 0/713
Rendered 1/713, time remaining: 4m 44s
Rendered 2/713, time remaining: 4m 46s
Rendered 3/713, time remaining: 4m 50s
Rendered 4/713, time remaining: 4m 54s
Rendered 5/713, time remaining: 4m 59s
Rendered 6/713, time remaining: 5m 3s
Rendered 7/713, time remaining: 5m 15s
Rendered 8/713, time remaining: 5m 24s
Rendered 9/713, time remaining: 5m 3s
Rendered 10/713, time remaining: 4m 44s
Rendered 11/713, time remaining: 4m 29s
Rendered 12/713, time remaining: 4m 16s
Rendered 13/713, time remaining: 4m 10s
Rendered 14/713, time remaining: 4m 5s
Rendered 15/713, time remaining: 3m 53s
Rendered 16/713, time remaining: 3m 47s
Rendered 17/713, time remaining: 3m 41s
Rendered 18/713, time remaining: 3m 36s
Rendered 19/713, time remaining: 3m 36s
Rendered 20/713, time remaining: 3m 36s
Rendered 21/713, time remaining: 3m 29s
Rendered 22/713, time remaining: 3m 31s
Rendered 23/713, time remaining: 3m 33s
Rendered 24/713, time remaining: 3m 31s
Rendered 25/713, time remaining: 3m 28s
Rendered 26/713, time remaining: 3m 25s
Rendered 27/713, time remaining: 3m 24s
Rendered 28/713, time remaining: 3m 23s
Rendered 29/713, time remaining: 3m 23s
Rendered 30/713, time remaining: 3m 19s
Rendered 31/713, time remaining: 3m 16s
Rendered 32/713, time remaining: 3m 13s
Rendered 33/713, time remaining: 3m 12s
Rendered 34/713, time remaining: 3m 9s
Rendered 35/713, time remaining: 3m 8s
Rendered 36/713, time remaining: 3m 6s
Rendered 37/713, time remaining: 3m 4s
Rendered 38/713, time remaining: 3m 3s
Rendered 39/713, time remaining: 3m 3s
Rendered 40/713, time remaining: 3m 2s
Rendered 41/713, time remaining: 3m 1s
Rendered 42/713, time remaining: 3m 0s
Rendered 43/713, time remaining: 3m 1s
Rendered 44/713, time remaining: 3m 0s
Rendered 45/713, time remaining: 2m 58s
Rendered 45/713, time remaining: 2m 58s
Rendered 46/713, time remaining: 2m 59s
Rendered 47/713, time remaining: 3m 1s
Rendered 48/713, time remaining: 3m 2s
Rendered 49/713, time remaining: 3m 1s
Rendered 50/713, time remaining: 3m 1s
Rendered 51/713, time remaining: 3m 1s
Rendered 52/713, time remaining: 3m 1s
Rendered 53/713, time remaining: 3m 0s
Rendered 54/713, time remaining: 3m 2s
Rendered 55/713, time remaining: 3m 3s
Rendered 56/713, time remaining: 3m 3s
Rendered 57/713, time remaining: 3m 3s
Rendered 57/713, time remaining: 3m 3s
Rendered 58/713, time remaining: 3m 3s
Rendered 59/713, time remaining: 3m 3s
Rendered 60/713, time remaining: 3m 3s
Rendered 61/713, time remaining: 3m 4s
Rendered 62/713, time remaining: 3m 5s
Rendered 63/713, time remaining: 3m 5s
Rendered 64/713, time remaining: 3m 6s
Rendered 65/713, time remaining: 3m 6s
Rendered 66/713, time remaining: 3m 5s
Rendered 67/713, time remaining: 3m 5s
Rendered 68/713, time remaining: 3m 4s
Rendered 69/713, time remaining: 3m 3s
Rendered 69/713, time remaining: 3m 3s
Rendered 70/713, time remaining: 3m 3s
Rendered 71/713, time remaining: 3m 3s
Rendered 72/713, time remaining: 3m 2s
Rendered 73/713, time remaining: 3m 2s
Rendered 74/713, time remaining: 3m 2s
Rendered 75/713, time remaining: 3m 1s
Rendered 76/713, time remaining: 3m 2s
Rendered 77/713, time remaining: 3m 2s
Rendered 78/713, time remaining: 3m 2s
Rendered 79/713, time remaining: 3m 3s
Rendered 79/713, time remaining: 3m 3s
Rendered 80/713, time remaining: 3m 4s
Rendered 81/713, time remaining: 3m 4s
Rendered 82/713, time remaining: 3m 4s
Rendered 83/713, time remaining: 3m 4s
Rendered 84/713, time remaining: 3m 5s
Rendered 85/713, time remaining: 3m 6s
Rendered 86/713, time remaining: 3m 5s
Rendered 87/713, time remaining: 3m 5s
Rendered 88/713, time remaining: 3m 8s
Rendered 89/713, time remaining: 3m 8s
Rendered 90/713, time remaining: 3m 8s
Rendered 90/713, time remaining: 3m 8s
Rendered 91/713, time remaining: 3m 8s
Rendered 92/713, time remaining: 3m 9s
Rendered 93/713, time remaining: 3m 10s
Rendered 94/713, time remaining: 3m 9s
Rendered 95/713, time remaining: 3m 9s
Rendered 96/713, time remaining: 3m 9s
Rendered 97/713, time remaining: 3m 10s
Rendered 98/713, time remaining: 3m 9s
Rendered 99/713, time remaining: 3m 10s
Rendered 100/713, time remaining: 3m 9s
Rendered 101/713, time remaining: 3m 9s
Rendered 102/713, time remaining: 3m 9s
Rendered 102/713, time remaining: 3m 9s
Rendered 103/713, time remaining: 3m 9s
Rendered 104/713, time remaining: 3m 9s
Rendered 105/713, time remaining: 3m 8s
Rendered 106/713, time remaining: 3m 8s
Rendered 107/713, time remaining: 3m 8s
Rendered 108/713, time remaining: 3m 9s
Rendered 109/713, time remaining: 3m 9s
Rendered 110/713, time remaining: 3m 10s
Rendered 111/713, time remaining: 3m 10s
Rendered 112/713, time remaining: 3m 10s
Rendered 112/713, time remaining: 3m 10s
Rendered 113/713, time remaining: 3m 9s
Rendered 114/713, time remaining: 3m 9s
Rendered 115/713, time remaining: 3m 10s
Rendered 116/713, time remaining: 3m 11s
Rendered 117/713, time remaining: 3m 10s
Rendered 118/713, time remaining: 3m 9s
Rendered 118/713, time remaining: 3m 9s
Rendered 119/713, time remaining: 3m 11s
Rendered 120/713, time remaining: 3m 12s
Rendered 121/713, time remaining: 3m 13s
Rendered 122/713, time remaining: 3m 13s
Rendered 123/713, time remaining: 3m 12s
Rendered 124/713, time remaining: 3m 15s
Rendered 125/713, time remaining: 3m 14s
Rendered 126/713, time remaining: 3m 13s
Rendered 127/713, time remaining: 3m 16s
Rendered 128/713, time remaining: 3m 15s
Rendered 129/713, time remaining: 3m 15s
Rendered 130/713, time remaining: 3m 14s
Rendered 131/713, time remaining: 3m 14s
Rendered 131/713, time remaining: 3m 14s
Rendered 132/713, time remaining: 3m 13s
Rendered 133/713, time remaining: 3m 13s
Rendered 134/713, time remaining: 3m 13s
Rendered 135/713, time remaining: 3m 12s
Rendered 136/713, time remaining: 3m 12s
Rendered 137/713, time remaining: 3m 12s
Rendered 138/713, time remaining: 3m 13s
Rendered 139/713, time remaining: 3m 13s
Rendered 140/713, time remaining: 3m 12s
Rendered 141/713, time remaining: 3m 12s
Rendered 142/713, time remaining: 3m 12s
Rendered 142/713, time remaining: 3m 12s
Rendered 143/713, time remaining: 3m 11s
Rendered 144/713, time remaining: 3m 11s
Rendered 145/713, time remaining: 3m 10s
Rendered 146/713, time remaining: 3m 10s
Rendered 147/713, time remaining: 3m 10s
Rendered 148/713, time remaining: 3m 10s
Rendered 149/713, time remaining: 3m 10s
Rendered 150/713, time remaining: 3m 10s
Rendered 150/713, time remaining: 3m 10s
Rendered 151/713, time remaining: 3m 10s
Rendered 152/713, time remaining: 3m 10s
Rendered 153/713, time remaining: 3m 11s
Rendered 154/713, time remaining: 3m 10s
Rendered 155/713, time remaining: 3m 10s
Rendered 156/713, time remaining: 3m 10s
Rendered 157/713, time remaining: 3m 10s
Rendered 158/713, time remaining: 3m 10s
Rendered 159/713, time remaining: 3m 10s
Rendered 160/713, time remaining: 3m 10s
Rendered 161/713, time remaining: 3m 10s
Rendered 161/713, time remaining: 3m 10s
Rendered 162/713, time remaining: 3m 10s
Rendered 163/713, time remaining: 3m 10s
Rendered 164/713, time remaining: 3m 9s
Rendered 165/713, time remaining: 3m 9s
Rendered 166/713, time remaining: 3m 9s
Rendered 167/713, time remaining: 3m 9s
Rendered 168/713, time remaining: 3m 9s
Rendered 169/713, time remaining: 3m 8s
Rendered 170/713, time remaining: 3m 8s
Rendered 171/713, time remaining: 3m 7s
Rendered 172/713, time remaining: 3m 7s
Rendered 172/713, time remaining: 3m 7s
Rendered 173/713, time remaining: 3m 7s
Rendered 174/713, time remaining: 3m 6s
Rendered 175/713, time remaining: 3m 6s
Rendered 176/713, time remaining: 3m 6s
Rendered 177/713, time remaining: 3m 6s
Rendered 178/713, time remaining: 3m 5s
Rendered 179/713, time remaining: 3m 5s
Rendered 180/713, time remaining: 3m 5s
Rendered 181/713, time remaining: 3m 4s
Rendered 182/713, time remaining: 3m 4s
Rendered 182/713, time remaining: 3m 4s
Rendered 183/713, time remaining: 3m 4s
Rendered 184/713, time remaining: 3m 3s
Rendered 185/713, time remaining: 3m 3s
Rendered 186/713, time remaining: 3m 3s
Rendered 187/713, time remaining: 3m 3s
Rendered 188/713, time remaining: 3m 2s
Rendered 189/713, time remaining: 3m 2s
Rendered 190/713, time remaining: 3m 1s
Rendered 191/713, time remaining: 3m 1s
Rendered 192/713, time remaining: 3m 1s
Rendered 193/713, time remaining: 3m 1s
Rendered 194/713, time remaining: 3m 1s
Rendered 194/713, time remaining: 3m 1s
Rendered 195/713, time remaining: 3m 1s
Rendered 196/713, time remaining: 3m 0s
Rendered 197/713, time remaining: 3m 0s
Rendered 198/713, time remaining: 2m 59s
Rendered 199/713, time remaining: 2m 59s
Rendered 200/713, time remaining: 2m 58s
Rendered 201/713, time remaining: 2m 58s
Rendered 202/713, time remaining: 2m 57s
Rendered 203/713, time remaining: 2m 57s
Rendered 204/713, time remaining: 2m 57s
Rendered 205/713, time remaining: 2m 57s
Rendered 206/713, time remaining: 2m 56s
Rendered 206/713, time remaining: 2m 56s
Rendered 207/713, time remaining: 2m 56s
Rendered 208/713, time remaining: 2m 55s
Rendered 209/713, time remaining: 2m 55s
Rendered 210/713, time remaining: 2m 55s
Rendered 211/713, time remaining: 2m 55s
Rendered 212/713, time remaining: 2m 55s
Rendered 213/713, time remaining: 2m 55s
Rendered 214/713, time remaining: 2m 55s
Rendered 215/713, time remaining: 2m 54s
Rendered 215/713, time remaining: 2m 54s
Rendered 216/713, time remaining: 2m 54s
Rendered 217/713, time remaining: 2m 53s
Rendered 218/713, time remaining: 2m 53s
Rendered 219/713, time remaining: 2m 53s
Rendered 220/713, time remaining: 2m 53s
Rendered 221/713, time remaining: 2m 52s
Rendered 222/713, time remaining: 2m 52s
Rendered 223/713, time remaining: 2m 52s
Rendered 224/713, time remaining: 2m 51s
Rendered 225/713, time remaining: 2m 51s
Rendered 225/713, time remaining: 2m 51s
Rendered 226/713, time remaining: 2m 50s
Rendered 227/713, time remaining: 2m 50s
Rendered 228/713, time remaining: 2m 50s
Rendered 229/713, time remaining: 2m 50s
Rendered 230/713, time remaining: 2m 49s
Rendered 231/713, time remaining: 2m 49s
Rendered 232/713, time remaining: 2m 49s
Rendered 233/713, time remaining: 2m 49s
Rendered 234/713, time remaining: 2m 48s
Rendered 235/713, time remaining: 2m 48s
Rendered 235/713, time remaining: 2m 48s
Rendered 236/713, time remaining: 2m 48s
Rendered 237/713, time remaining: 2m 47s
Rendered 238/713, time remaining: 2m 47s
Rendered 239/713, time remaining: 2m 47s
Rendered 240/713, time remaining: 2m 47s
Rendered 241/713, time remaining: 2m 47s
Rendered 242/713, time remaining: 2m 46s
Rendered 243/713, time remaining: 2m 46s
Rendered 244/713, time remaining: 2m 46s
Rendered 244/713, time remaining: 2m 46s
Rendered 245/713, time remaining: 2m 46s
Rendered 246/713, time remaining: 2m 45s
Rendered 247/713, time remaining: 2m 45s
Rendered 248/713, time remaining: 2m 44s
Rendered 249/713, time remaining: 2m 44s
Rendered 250/713, time remaining: 2m 44s
Rendered 251/713, time remaining: 2m 44s
Rendered 252/713, time remaining: 2m 44s
Rendered 253/713, time remaining: 2m 44s
Rendered 254/713, time remaining: 2m 44s
Rendered 254/713, time remaining: 2m 44s
Rendered 255/713, time remaining: 2m 44s
Rendered 256/713, time remaining: 2m 44s
Rendered 257/713, time remaining: 2m 43s
Rendered 258/713, time remaining: 2m 43s
Rendered 259/713, time remaining: 2m 43s
Rendered 260/713, time remaining: 2m 43s
Rendered 260/713, time remaining: 2m 43s
Rendered 261/713, time remaining: 2m 43s
Rendered 262/713, time remaining: 2m 43s
Rendered 263/713, time remaining: 2m 44s
Rendered 264/713, time remaining: 2m 44s
Rendered 265/713, time remaining: 2m 44s
Rendered 266/713, time remaining: 2m 44s
Rendered 267/713, time remaining: 2m 44s
Rendered 268/713, time remaining: 2m 44s
Rendered 269/713, time remaining: 2m 44s
Rendered 269/713, time remaining: 2m 44s
Rendered 270/713, time remaining: 2m 43s
Rendered 271/713, time remaining: 2m 43s
Rendered 272/713, time remaining: 2m 42s
Rendered 273/713, time remaining: 2m 42s
Rendered 274/713, time remaining: 2m 42s
Rendered 275/713, time remaining: 2m 42s
Rendered 276/713, time remaining: 2m 42s
Rendered 277/713, time remaining: 2m 42s
Rendered 278/713, time remaining: 2m 42s
Rendered 278/713, time remaining: 2m 42s
Rendered 279/713, time remaining: 2m 41s
Rendered 280/713, time remaining: 2m 41s
Rendered 281/713, time remaining: 2m 41s
Rendered 282/713, time remaining: 2m 41s
Rendered 283/713, time remaining: 2m 40s
Rendered 284/713, time remaining: 2m 40s
Rendered 285/713, time remaining: 2m 40s
Rendered 286/713, time remaining: 2m 39s
Rendered 287/713, time remaining: 2m 39s
Rendered 287/713, time remaining: 2m 39s
Rendered 288/713, time remaining: 2m 38s
Rendered 289/713, time remaining: 2m 38s
Rendered 290/713, time remaining: 2m 38s
Rendered 291/713, time remaining: 2m 37s
Rendered 292/713, time remaining: 2m 37s
Rendered 293/713, time remaining: 2m 36s
Rendered 294/713, time remaining: 2m 36s
Rendered 295/713, time remaining: 2m 36s
Rendered 296/713, time remaining: 2m 35s
Rendered 297/713, time remaining: 2m 35s
Rendered 298/713, time remaining: 2m 35s
Rendered 298/713, time remaining: 2m 35s
Rendered 299/713, time remaining: 2m 34s
Rendered 300/713, time remaining: 2m 34s
Rendered 301/713, time remaining: 2m 33s
Rendered 302/713, time remaining: 2m 33s
Rendered 303/713, time remaining: 2m 33s
Rendered 304/713, time remaining: 2m 32s
Rendered 305/713, time remaining: 2m 32s
Rendered 306/713, time remaining: 2m 32s
Rendered 307/713, time remaining: 2m 31s
Rendered 308/713, time remaining: 2m 31s
Rendered 309/713, time remaining: 2m 31s
Rendered 310/713, time remaining: 2m 30s
Rendered 310/713, time remaining: 2m 30s
Rendered 311/713, time remaining: 2m 30s
Rendered 312/713, time remaining: 2m 30s
Rendered 313/713, time remaining: 2m 29s
Rendered 314/713, time remaining: 2m 29s
Rendered 315/713, time remaining: 2m 29s
Rendered 316/713, time remaining: 2m 28s
Rendered 317/713, time remaining: 2m 28s
Rendered 317/713, time remaining: 2m 28s
Rendered 318/713, time remaining: 2m 28s
Rendered 319/713, time remaining: 2m 28s
Rendered 320/713, time remaining: 2m 28s
Rendered 321/713, time remaining: 2m 27s
Rendered 322/713, time remaining: 2m 27s
Rendered 323/713, time remaining: 2m 27s
Rendered 324/713, time remaining: 2m 27s
Rendered 325/713, time remaining: 2m 26s
Rendered 325/713, time remaining: 2m 26s
Rendered 326/713, time remaining: 2m 26s
Rendered 327/713, time remaining: 2m 26s
Rendered 328/713, time remaining: 2m 26s
Rendered 329/713, time remaining: 2m 25s
Rendered 330/713, time remaining: 2m 25s
Rendered 331/713, time remaining: 2m 25s
Rendered 332/713, time remaining: 2m 24s
Rendered 333/713, time remaining: 2m 24s
Rendered 334/713, time remaining: 2m 23s
Rendered 335/713, time remaining: 2m 23s
Rendered 336/713, time remaining: 2m 23s
Rendered 336/713, time remaining: 2m 23s
Rendered 337/713, time remaining: 2m 22s
Rendered 338/713, time remaining: 2m 22s
Rendered 339/713, time remaining: 2m 22s
Rendered 340/713, time remaining: 2m 21s
Rendered 341/713, time remaining: 2m 21s
Rendered 342/713, time remaining: 2m 20s
Rendered 343/713, time remaining: 2m 20s
Rendered 344/713, time remaining: 2m 20s
Rendered 345/713, time remaining: 2m 19s
Rendered 346/713, time remaining: 2m 19s
Rendered 346/713, time remaining: 2m 19s
Rendered 347/713, time remaining: 2m 19s
Rendered 348/713, time remaining: 2m 18s
Rendered 349/713, time remaining: 2m 18s
Rendered 350/713, time remaining: 2m 17s
Rendered 351/713, time remaining: 2m 17s
Rendered 352/713, time remaining: 2m 17s
Rendered 353/713, time remaining: 2m 16s
Rendered 354/713, time remaining: 2m 16s
Rendered 355/713, time remaining: 2m 15s
Rendered 356/713, time remaining: 2m 15s
Rendered 356/713, time remaining: 2m 15s
Rendered 357/713, time remaining: 2m 15s
Rendered 358/713, time remaining: 2m 14s
Rendered 359/713, time remaining: 2m 14s
Rendered 360/713, time remaining: 2m 14s
Rendered 361/713, time remaining: 2m 13s
Rendered 362/713, time remaining: 2m 13s
Rendered 363/713, time remaining: 2m 13s
Rendered 364/713, time remaining: 2m 12s
Rendered 365/713, time remaining: 2m 12s
Rendered 366/713, time remaining: 2m 12s
Rendered 367/713, time remaining: 2m 11s
Rendered 367/713, time remaining: 2m 11s
Rendered 368/713, time remaining: 2m 11s
Rendered 369/713, time remaining: 2m 11s
Rendered 370/713, time remaining: 2m 10s
Rendered 371/713, time remaining: 2m 10s
Rendered 372/713, time remaining: 2m 9s
Rendered 373/713, time remaining: 2m 9s
Rendered 374/713, time remaining: 2m 8s
Rendered 375/713, time remaining: 2m 8s
Rendered 376/713, time remaining: 2m 8s
Rendered 377/713, time remaining: 2m 7s
Rendered 378/713, time remaining: 2m 7s
Rendered 379/713, time remaining: 2m 6s
Rendered 379/713, time remaining: 2m 6s
Rendered 380/713, time remaining: 2m 6s
Rendered 381/713, time remaining: 2m 5s
Rendered 382/713, time remaining: 2m 5s
Rendered 383/713, time remaining: 2m 4s
Rendered 384/713, time remaining: 2m 4s
Rendered 385/713, time remaining: 2m 4s
Rendered 386/713, time remaining: 2m 3s
Rendered 387/713, time remaining: 2m 3s
Rendered 388/713, time remaining: 2m 3s
Rendered 389/713, time remaining: 2m 2s
Rendered 390/713, time remaining: 2m 2s
Rendered 390/713, time remaining: 2m 2s
Rendered 391/713, time remaining: 2m 2s
Rendered 392/713, time remaining: 2m 1s
Rendered 393/713, time remaining: 2m 1s
Rendered 394/713, time remaining: 2m 0s
Rendered 395/713, time remaining: 2m 0s
Rendered 396/713, time remaining: 1m 59s
Rendered 397/713, time remaining: 1m 59s
Rendered 398/713, time remaining: 1m 59s
Rendered 399/713, time remaining: 1m 58s
Rendered 400/713, time remaining: 1m 58s
Rendered 400/713, time remaining: 1m 58s
Rendered 401/713, time remaining: 1m 58s
Rendered 402/713, time remaining: 1m 57s
Rendered 403/713, time remaining: 1m 57s
Rendered 404/713, time remaining: 1m 56s
Rendered 405/713, time remaining: 1m 56s
Rendered 406/713, time remaining: 1m 56s
Rendered 407/713, time remaining: 1m 55s
Rendered 408/713, time remaining: 1m 55s
Rendered 409/713, time remaining: 1m 55s
Rendered 409/713, time remaining: 1m 55s
Rendered 410/713, time remaining: 1m 54s
Rendered 411/713, time remaining: 1m 54s
Rendered 412/713, time remaining: 1m 53s
Rendered 413/713, time remaining: 1m 53s
Rendered 414/713, time remaining: 1m 53s
Rendered 415/713, time remaining: 1m 52s
Rendered 416/713, time remaining: 1m 52s
Rendered 417/713, time remaining: 1m 52s
Rendered 418/713, time remaining: 1m 51s
Rendered 419/713, time remaining: 1m 50s
Rendered 420/713, time remaining: 1m 50s
Rendered 421/713, time remaining: 1m 50s
Rendered 421/713, time remaining: 1m 50s
Rendered 422/713, time remaining: 1m 49s
Rendered 423/713, time remaining: 1m 49s
Rendered 424/713, time remaining: 1m 49s
Rendered 425/713, time remaining: 1m 48s
Rendered 426/713, time remaining: 1m 48s
Rendered 427/713, time remaining: 1m 48s
Rendered 428/713, time remaining: 1m 47s
Rendered 429/713, time remaining: 1m 47s
Rendered 430/713, time remaining: 1m 47s
Rendered 431/713, time remaining: 1m 47s
Rendered 431/713, time remaining: 1m 47s
Rendered 432/713, time remaining: 1m 46s
Rendered 433/713, time remaining: 1m 46s
Rendered 434/713, time remaining: 1m 45s
Rendered 435/713, time remaining: 1m 45s
Rendered 436/713, time remaining: 1m 45s
Rendered 437/713, time remaining: 1m 44s
Rendered 438/713, time remaining: 1m 44s
Rendered 439/713, time remaining: 1m 44s
Rendered 440/713, time remaining: 1m 43s
Rendered 441/713, time remaining: 1m 43s
Rendered 441/713, time remaining: 1m 43s
Rendered 442/713, time remaining: 1m 43s
Rendered 443/713, time remaining: 1m 42s
Rendered 444/713, time remaining: 1m 42s
Rendered 445/713, time remaining: 1m 41s
Rendered 446/713, time remaining: 1m 41s
Rendered 447/713, time remaining: 1m 41s
Rendered 448/713, time remaining: 1m 40s
Rendered 449/713, time remaining: 1m 40s
Rendered 450/713, time remaining: 1m 40s
Rendered 450/713, time remaining: 1m 40s
Rendered 451/713, time remaining: 1m 39s
Rendered 452/713, time remaining: 1m 39s
Rendered 453/713, time remaining: 1m 39s
Rendered 454/713, time remaining: 1m 38s
Rendered 455/713, time remaining: 1m 38s
Rendered 456/713, time remaining: 1m 37s
Rendered 457/713, time remaining: 1m 37s
Rendered 458/713, time remaining: 1m 37s
Rendered 459/713, time remaining: 1m 36s
Rendered 460/713, time remaining: 1m 36s
Rendered 460/713, time remaining: 1m 36s
Rendered 461/713, time remaining: 1m 36s
Rendered 462/713, time remaining: 1m 35s
Rendered 463/713, time remaining: 1m 35s
Rendered 464/713, time remaining: 1m 34s
Rendered 465/713, time remaining: 1m 34s
Rendered 466/713, time remaining: 1m 34s
Rendered 467/713, time remaining: 1m 33s
Rendered 468/713, time remaining: 1m 33s
Rendered 469/713, time remaining: 1m 32s
Rendered 470/713, time remaining: 1m 32s
Rendered 471/713, time remaining: 1m 32s
Rendered 471/713, time remaining: 1m 32s
Rendered 472/713, time remaining: 1m 31s
Rendered 473/713, time remaining: 1m 31s
Rendered 474/713, time remaining: 1m 30s
Rendered 475/713, time remaining: 1m 30s
Rendered 476/713, time remaining: 1m 30s
Rendered 477/713, time remaining: 1m 29s
Rendered 478/713, time remaining: 1m 29s
Rendered 479/713, time remaining: 1m 28s
Rendered 480/713, time remaining: 1m 28s
Rendered 481/713, time remaining: 1m 27s
Rendered 482/713, time remaining: 1m 27s
Rendered 483/713, time remaining: 1m 27s
Rendered 484/713, time remaining: 1m 26s
Rendered 485/713, time remaining: 1m 26s
Rendered 485/713, time remaining: 1m 26s
Rendered 486/713, time remaining: 1m 25s
Rendered 487/713, time remaining: 1m 25s
Rendered 488/713, time remaining: 1m 25s
Rendered 489/713, time remaining: 1m 24s
Rendered 490/713, time remaining: 1m 24s
Rendered 491/713, time remaining: 1m 24s
Rendered 491/713, time remaining: 1m 24s
Rendered 492/713, time remaining: 1m 23s
Rendered 493/713, time remaining: 1m 23s
Rendered 494/713, time remaining: 1m 22s
Rendered 495/713, time remaining: 1m 22s
Rendered 496/713, time remaining: 1m 22s
Rendered 497/713, time remaining: 1m 22s
Rendered 498/713, time remaining: 1m 21s
Rendered 499/713, time remaining: 1m 21s
Rendered 500/713, time remaining: 1m 21s
Rendered 501/713, time remaining: 1m 20s
Rendered 501/713, time remaining: 1m 20s
Rendered 502/713, time remaining: 1m 20s
Rendered 503/713, time remaining: 1m 20s
Rendered 504/713, time remaining: 1m 19s
Rendered 505/713, time remaining: 1m 19s
Rendered 506/713, time remaining: 1m 19s
Rendered 507/713, time remaining: 1m 18s
Rendered 508/713, time remaining: 1m 18s
Rendered 509/713, time remaining: 1m 18s
Rendered 510/713, time remaining: 1m 17s
Rendered 510/713, time remaining: 1m 17s
Rendered 511/713, time remaining: 1m 17s
Rendered 512/713, time remaining: 1m 17s
Rendered 513/713, time remaining: 1m 16s
Rendered 514/713, time remaining: 1m 16s
Rendered 515/713, time remaining: 1m 15s
Rendered 516/713, time remaining: 1m 15s
Rendered 517/713, time remaining: 1m 14s
Rendered 518/713, time remaining: 1m 14s
Rendered 519/713, time remaining: 1m 14s
Rendered 520/713, time remaining: 1m 13s
Rendered 521/713, time remaining: 1m 13s
Rendered 522/713, time remaining: 1m 13s
Rendered 522/713, time remaining: 1m 13s
Rendered 523/713, time remaining: 1m 12s
Rendered 524/713, time remaining: 1m 12s
Rendered 525/713, time remaining: 1m 11s
Rendered 526/713, time remaining: 1m 11s
Rendered 527/713, time remaining: 1m 11s
Rendered 528/713, time remaining: 1m 10s
Rendered 529/713, time remaining: 1m 10s
Rendered 530/713, time remaining: 1m 10s
Rendered 531/713, time remaining: 1m 9s
Rendered 531/713, time remaining: 1m 9s
Rendered 532/713, time remaining: 1m 9s
Rendered 533/713, time remaining: 1m 8s
Rendered 534/713, time remaining: 1m 8s
Rendered 535/713, time remaining: 1m 8s
Rendered 536/713, time remaining: 1m 7s
Rendered 537/713, time remaining: 1m 7s
Rendered 538/713, time remaining: 1m 6s
Rendered 539/713, time remaining: 1m 6s
Rendered 540/713, time remaining: 1m 6s
Rendered 540/713, time remaining: 1m 6s
Rendered 541/713, time remaining: 1m 5s
Rendered 542/713, time remaining: 1m 5s
Rendered 543/713, time remaining: 1m 5s
Rendered 544/713, time remaining: 1m 4s
Rendered 545/713, time remaining: 1m 4s
Rendered 546/713, time remaining: 1m 4s
Rendered 547/713, time remaining: 1m 3s
Rendered 548/713, time remaining: 1m 3s
Rendered 549/713, time remaining: 1m 2s
Rendered 549/713, time remaining: 1m 2s
Rendered 550/713, time remaining: 1m 2s
Rendered 551/713, time remaining: 1m 2s
Rendered 552/713, time remaining: 1m 1s
Rendered 553/713, time remaining: 1m 1s
Rendered 554/713, time remaining: 1m 1s
Rendered 555/713, time remaining: 1m 0s
Rendered 556/713, time remaining: 1m 0s
Rendered 557/713, time remaining: 1m 0s
Rendered 558/713, time remaining: 59s
Rendered 559/713, time remaining: 59s
Rendered 559/713, time remaining: 59s
Rendered 560/713, time remaining: 59s
Rendered 561/713, time remaining: 58s
Rendered 562/713, time remaining: 58s
Rendered 563/713, time remaining: 57s
Rendered 564/713, time remaining: 57s
Rendered 565/713, time remaining: 57s
Rendered 566/713, time remaining: 56s
Rendered 567/713, time remaining: 56s
Rendered 567/713, time remaining: 56s
Rendered 568/713, time remaining: 56s
Rendered 569/713, time remaining: 55s
Rendered 570/713, time remaining: 55s
Rendered 571/713, time remaining: 54s
Rendered 572/713, time remaining: 54s
Rendered 573/713, time remaining: 54s
Rendered 574/713, time remaining: 53s
Rendered 575/713, time remaining: 53s
Rendered 576/713, time remaining: 52s
Rendered 577/713, time remaining: 52s
Rendered 578/713, time remaining: 52s
Rendered 579/713, time remaining: 51s
Rendered 579/713, time remaining: 51s
Rendered 580/713, time remaining: 51s
Rendered 581/713, time remaining: 50s
Rendered 582/713, time remaining: 50s
Rendered 583/713, time remaining: 50s
Rendered 584/713, time remaining: 49s
Rendered 585/713, time remaining: 49s
Rendered 586/713, time remaining: 49s
Rendered 587/713, time remaining: 48s
Rendered 588/713, time remaining: 48s
Rendered 589/713, time remaining: 47s
Rendered 590/713, time remaining: 47s
Rendered 590/713, time remaining: 47s
Rendered 591/713, time remaining: 47s
Rendered 592/713, time remaining: 46s
Rendered 593/713, time remaining: 46s
Rendered 594/713, time remaining: 45s
Rendered 595/713, time remaining: 45s
Rendered 596/713, time remaining: 45s
Rendered 597/713, time remaining: 44s
Rendered 598/713, time remaining: 44s
Rendered 599/713, time remaining: 44s
Rendered 600/713, time remaining: 43s
Rendered 601/713, time remaining: 43s
Rendered 601/713, time remaining: 43s
Rendered 602/713, time remaining: 42s
Rendered 603/713, time remaining: 42s
Rendered 604/713, time remaining: 42s
Rendered 605/713, time remaining: 41s
Rendered 606/713, time remaining: 41s
Rendered 607/713, time remaining: 40s
Rendered 608/713, time remaining: 40s
Rendered 609/713, time remaining: 40s
Rendered 610/713, time remaining: 39s
Rendered 610/713, time remaining: 39s
Rendered 611/713, time remaining: 39s
Rendered 612/713, time remaining: 38s
Rendered 613/713, time remaining: 38s
Rendered 614/713, time remaining: 38s
Rendered 615/713, time remaining: 37s
Rendered 616/713, time remaining: 37s
Rendered 617/713, time remaining: 37s
Rendered 618/713, time remaining: 36s
Rendered 619/713, time remaining: 36s
Rendered 620/713, time remaining: 35s
Rendered 620/713, time remaining: 35s
Rendered 621/713, time remaining: 35s
Rendered 622/713, time remaining: 35s
Rendered 623/713, time remaining: 34s
Rendered 624/713, time remaining: 34s
Rendered 625/713, time remaining: 34s
Rendered 626/713, time remaining: 33s
Rendered 627/713, time remaining: 33s
Rendered 628/713, time remaining: 32s
Rendered 628/713, time remaining: 32s
Rendered 629/713, time remaining: 32s
Rendered 630/713, time remaining: 32s
Rendered 631/713, time remaining: 31s
Rendered 632/713, time remaining: 31s
Rendered 633/713, time remaining: 30s
Rendered 634/713, time remaining: 30s
Rendered 635/713, time remaining: 30s
Rendered 636/713, time remaining: 29s
Rendered 637/713, time remaining: 29s
Rendered 638/713, time remaining: 29s
Rendered 639/713, time remaining: 28s
Rendered 640/713, time remaining: 28s
Rendered 640/713, time remaining: 28s
Rendered 641/713, time remaining: 27s
Rendered 642/713, time remaining: 27s
Rendered 643/713, time remaining: 27s
Rendered 644/713, time remaining: 26s
Rendered 645/713, time remaining: 26s
Rendered 646/713, time remaining: 25s
Rendered 647/713, time remaining: 25s
Rendered 648/713, time remaining: 25s
Rendered 648/713, time remaining: 25s
Rendered 649/713, time remaining: 24s
Rendered 650/713, time remaining: 24s
Rendered 651/713, time remaining: 23s
Rendered 652/713, time remaining: 23s
Rendered 653/713, time remaining: 23s
Rendered 654/713, time remaining: 22s
Rendered 655/713, time remaining: 22s
Rendered 656/713, time remaining: 22s
Rendered 657/713, time remaining: 21s
Rendered 658/713, time remaining: 21s
Rendered 659/713, time remaining: 20s
Rendered 660/713, time remaining: 20s
Rendered 660/713, time remaining: 20s
Rendered 661/713, time remaining: 20s
Rendered 662/713, time remaining: 19s
Rendered 663/713, time remaining: 19s
Rendered 664/713, time remaining: 18s
Rendered 665/713, time remaining: 18s
Rendered 666/713, time remaining: 18s
Rendered 667/713, time remaining: 17s
Rendered 668/713, time remaining: 17s
Rendered 669/713, time remaining: 16s
Rendered 670/713, time remaining: 16s
Rendered 671/713, time remaining: 16s
Rendered 672/713, time remaining: 15s
Rendered 673/713, time remaining: 15s
Rendered 674/713, time remaining: 15s
Rendered 674/713, time remaining: 15s
Rendered 675/713, time remaining: 14s
Rendered 676/713, time remaining: 14s
Rendered 677/713, time remaining: 13s
Rendered 678/713, time remaining: 13s
Rendered 679/713, time remaining: 13s
Rendered 680/713, time remaining: 12s
Rendered 681/713, time remaining: 12s
Rendered 682/713, time remaining: 11s
Rendered 683/713, time remaining: 11s
Rendered 684/713, time remaining: 11s
Rendered 684/713, time remaining: 11s
Rendered 685/713, time remaining: 10s
Rendered 686/713, time remaining: 10s
Rendered 687/713, time remaining: 9s
Rendered 688/713, time remaining: 9s
Rendered 689/713, time remaining: 9s
Rendered 690/713, time remaining: 8s
Rendered 691/713, time remaining: 8s
Rendered 692/713, time remaining: 8s
Rendered 693/713, time remaining: 7s
Rendered 694/713, time remaining: 7s
Rendered 695/713, time remaining: 6s
Rendered 696/713, time remaining: 6s
Rendered 697/713, time remaining: 6s
Rendered 698/713, time remaining: 5s
Rendered 699/713, time remaining: 5s
Rendered 699/713, time remaining: 5s
Rendered 700/713, time remaining: 4s
Rendered 701/713, time remaining: 4s
Rendered 702/713, time remaining: 4s
Rendered 703/713, time remaining: 3s
Rendered 704/713, time remaining: 3s
Rendered 705/713, time remaining: 3s
Rendered 706/713, time remaining: 2s
Rendered 707/713, time remaining: 2s
Rendered 708/713, time remaining: 1s
Rendered 709/713, time remaining: 1s
Rendered 710/713, time remaining: 1s
Rendered 711/713, time remaining: 0s
Rendered 712/713, time remaining: 0s
Stitched 490/713
Stitched 504/713
Stitched 546/713
Stitched 570/713
Stitched 713/713
○                    /home/jebin/git/PanelFlow/content_to_be_processed/Harley Quinn x Elvira 006 (of 006) (2026)/render/shorts/shorts.mp4 34.4 MB
[48;5;18m[1;37m2026-07-17T10:46:12.602776[0m [48;5;18m[1;37mLoudness normalization: analyzing...[0m
---------------------------------------------------------------------------------------------------
[48;5;54m[1;37m2026-07-17T10:46:12.616794[0m [48;5;54m[1;37mRunning command: taskset -c 2,3,4,5,6,7,8,9,10,11,12,13,14,15,16,17,18,19,20,21,22,23 nice -n 15 ffmpeg -nostdin -threads 24 -hide_banner -y -i /home/jebin/git/PanelFlow/content_to_be_processed/Harley Quinn x Elvira 006 (of 006) (2026)/render/shorts/shorts.mp4 -af loudnorm=I=-14.0:TP=-1.0:LRA=7.0:print_format=json -f null -[0m
---------------------------------------------------------------------------------------------------
[48;5;54m[1;37m2026-07-17T10:46:13.797698[0m [48;5;54m[1;37mLoudness analysis: I=-16.89 LUFS, TP=2.35 dBTP, LRA=3.30[0m
---------------------------------------------------------------------------------------------------
[48;5;18m[1;37m2026-07-17T10:46:13.797791[0m [48;5;18m[1;37mLoudness normalization: applying...[0m
---------------------------------------------------------------------------------------------------
[48;5;54m[1;37m2026-07-17T10:46:13.797945[0m [48;5;54m[1;37mRunning command: taskset -c 2,3,4,5,6,7,8,9,10,11,12,13,14,15,16,17,18,19,20,21,22,23 nice -n 15 ffmpeg -nostdin -threads 24 -hide_banner -y -i /home/jebin/git/PanelFlow/content_to_be_processed/Harley Quinn x Elvira 006 (of 006) (2026)/render/shorts/shorts.mp4 -af loudnorm=I=-14.0:TP=-1.0:LRA=7.0:measured_I=-16.89:measured_TP=2.35:measured_LRA=3.30:measured_thresh=-26.89:offset=2.67:linear=true:print_format=summary -c:v copy -c:a aac -b:a 192k /home/jebin/git/PanelFlow/content_to_be_processed/Harley Quinn x Elvira 006 (of 006) (2026)/render/shorts/shorts.mp4.tmp.mp4[0m
---------------------------------------------------------------------------------------------------
Input #0, mov,mp4,m4a,3gp,3g2,mj2, from '/home/jebin/git/PanelFlow/content_to_be_processed/Harley Quinn x Elvira 006 (of 006) (2026)/render/shorts/shorts.mp4':
  Metadata:
    major_brand     : isom
    minor_version   : 512
    compatible_brands: isomiso2avc1mp41
    encoder         : Lavf61.7.100
    comment         : Made with Remotion 4.0.290
  Duration: 00:00:29.76, start: 0.000000, bitrate: 9244 kb/s
  Stream #0:0[0x1](und): Video: h264 (High) (avc1 / 0x31637661), yuvj420p(pc, bt470bg/unknown/unknown, progressive), 1080x1920 [SAR 1:1 DAR 9:16], 8937 kb/s, 24 fps, 24 tbr, 12288 tbn (default)
    Metadata:
      handler_name    : VideoHandler
    Side data:
      ICC Profile: (456 bytes)
  Stream #0:1[0x2](und): Audio: aac (LC) (mp4a / 0x6134706D), 48000 Hz, stereo, fltp, 317 kb/s (default)
    Metadata:
      handler_name    : SoundHandler
Stream mapping:
  Stream #0:0 -> #0:0 (copy)
  Stream #0:1 -> #0:1 (aac (native) -> aac (native))
Output #0, mp4, to '/home/jebin/git/PanelFlow/content_to_be_processed/Harley Quinn x Elvira 006 (of 006) (2026)/render/shorts/shorts.mp4.tmp.mp4':
  Metadata:
    major_brand     : isom
    minor_version   : 512
    compatible_brands: isomiso2avc1mp41
    comment         : Made with Remotion 4.0.290
    encoder         : Lavf62.12.102
  Stream #0:0(und): Video: h264 (High) (avc1 / 0x31637661), yuvj420p(pc, bt470bg/unknown/unknown, progressive), 1080x1920 [SAR 1:1 DAR 9:16], q=2-31, 8937 kb/s, 24 fps, 24 tbr, 12288 tbn (default)
    Metadata:
      handler_name    : VideoHandler
    Side data:
      ICC Profile: (456 bytes)
  Stream #0:1(und): Audio: aac (LC) (mp4a / 0x6134706D), 96000 Hz, stereo, fltp, 192 kb/s (default)
    Metadata:
      encoder         : Lavc62.28.102 aac
      handler_name    : SoundHandler
frame=  328 fps=0.0 q=-1.0 size=   12288KiB time=00:00:10.27 bitrate=9799.8kbits/s speed=20.5x elapsed=0:00:00.50    frame=  553 fps=553 q=-1.0 size=   23296KiB time=00:00:19.68 bitrate=9697.2kbits/s speed=19.7x elapsed=0:00:01.00    [Parsed_loudnorm_0 @ 0x7f7314004080] 
Input Integrated:    -16.9 LUFS
Input True Peak:      +2.4 dBTP
Input LRA:             3.3 LU
Input Threshold:     -26.9 LUFS

Output Integrated:   -14.2 LUFS
Output True Peak:     -1.0 dBTP
Output LRA:            2.3 LU
Output Threshold:    -24.3 LUFS

Normalization Type:   Dynamic
Target Offset:        +0.2 LU
[out#0/mp4 @ 0x556c241166c0] video:32411KiB audio:697KiB subtitle:0KiB other streams:0KiB global headers:0KiB muxing overhead: 0.084546%
frame=  713 fps=492 q=-1.0 Lsize=   33136KiB time=00:00:29.62 bitrate=9162.7kbits/s speed=20.4x elapsed=0:00:01.45    
[aac @ 0x556c24131480] Qavg: 850.706
[48;5;18m[1;37m2026-07-17T10:46:15.359992[0m [48;5;18m[1;37mLoudness normalization complete: /home/jebin/git/PanelFlow/content_to_be_processed/Harley Quinn x Elvira 006 (of 006) (2026)/render/shorts/shorts.mp4[0m
---------------------------------------------------------------------------------------------------
[48;5;18m[1;37m2026-07-17T10:46:15.360077[0m [48;5;18m[1;37m3.3 shorts: rendered /home/jebin/git/PanelFlow/content_to_be_processed/Harley Quinn x Elvira 006 (of 006) (2026)/render/shorts/shorts.mp4[0m
---------------------------------------------------------------------------------------------------
[48;5;18m[1;37m2026-07-17T10:46:15.360168[0m [48;5;18m[1;37mStage 3 complete: /home/jebin/git/PanelFlow/content_to_be_processed/Harley Quinn x Elvira 006 (of 006) (2026)/render/shorts/shorts.mp4[0m
---------------------------------------------------------------------------------------------------
EXIT 0
